[0m17:13:56.074913 [debug] [MainThread]: Sending event: {'category': 'dbt', 'action': 'invocation', 'label': 'start', 'context': [<snowplow_tracker.self_describing_json.SelfDescribingJson object at 0x000002262C4E9E50>, <snowplow_tracker.self_describing_json.SelfDescribingJson object at 0x000002262E4A1DC0>, <snowplow_tracker.self_describing_json.SelfDescribingJson object at 0x000002262E4A2A20>]}


============================== 17:13:56.138352 | b3d5e718-cb0a-4f16-ba8b-9e49556e76f3 ==============================
[0m17:13:56.138352 [info ] [MainThread]: Running with dbt=1.12.5
[0m17:13:56.139881 [debug] [MainThread]: running dbt with arguments {'version_check': 'True', 'no_print': 'None', 'static_parser': 'True', 'target_path': 'None', 'warn_error_options': 'WarnErrorOptionsV2(error=[], warn=[], silence=[])', 'maximum_seed_size_mib': '1', 'printer_width': '80', 'write_json': 'True', 'introspect': 'True', 'log_cache_events': 'False', 'empty': 'None', 'cache_selected_only': 'False', 'log_format': 'default', 'debug': 'False', 'fail_fast': 'False', 'partial_parse': 'True', 'send_anonymous_usage_stats': 'True', 'quiet': 'False', 'warn_error': 'None', 'profiles_dir': 'C:\\Users\\hally\\.dbt', 'invocation_command': 'dbt init', 'hints_enabled': 'True', 'indirect_selection': 'eager', 'use_experimental_parser': 'False', 'use_colors': 'True', 'log_path': 'logs'}
[0m17:14:05.043562 [debug] [MainThread]: Starter project path: C:\Users\hally\workshop_airflow_dbt\1_local_setup\.venv\Lib\site-packages\dbt\include\starter_project
[0m17:14:05.072513 [info ] [MainThread]: Setting up your profile.
[0m17:18:41.855294 [info ] [MainThread]: Profile jornada_dw written to C:\Users\hally\.dbt\profiles.yml using target's profile_template.yml and your supplied values.
[0m17:18:41.876792 [info ] [MainThread]: Running dbt debug to validate the project...
[0m17:18:41.877829 [info ] [MainThread]: dbt version: 1.12.5
[0m17:18:41.878358 [info ] [MainThread]: python version: 3.12.9
[0m17:18:41.878916 [info ] [MainThread]: python path: C:\Users\hally\workshop_airflow_dbt\1_local_setup\.venv\Scripts\python.exe
[0m17:18:41.878916 [info ] [MainThread]: os info: Windows-11-10.0.26200-SP0
[0m17:18:41.926922 [info ] [MainThread]: Using profiles dir at C:\Users\hally\.dbt
[0m17:18:41.926922 [info ] [MainThread]: Using profiles.yml file at C:\Users\hally\.dbt\profiles.yml
[0m17:18:41.927802 [info ] [MainThread]: Using dbt_project.yml file at C:\Users\hally\workshop_airflow_dbt\2_data_warehouse\jornada_dw\dbt_project.yml
[0m17:18:41.937008 [info ] [MainThread]: adapter type: postgres
[0m17:18:41.937595 [info ] [MainThread]: adapter version: 1.11.0
[0m17:18:42.078307 [info ] [MainThread]: Configuration:
[0m17:18:42.078830 [info ] [MainThread]:   profiles.yml file [[32mOK found and valid[0m]
[0m17:18:42.079352 [info ] [MainThread]:   dbt_project.yml file [[32mOK found and valid[0m]
[0m17:18:42.079867 [info ] [MainThread]: Required dependencies:
[0m17:18:42.080873 [debug] [MainThread]: Executing "git --help"
[0m17:18:42.133472 [debug] [MainThread]: STDOUT: "b"usage: git [-v | --version] [-h | --help] [-C <path>] [-c <name>=<value>]\n           [--exec-path[=<path>]] [--html-path] [--man-path] [--info-path]\n           [-p | --paginate | -P | --no-pager] [--no-replace-objects] [--bare]\n           [--git-dir=<path>] [--work-tree=<path>] [--namespace=<name>]\n           [--config-env=<name>=<envvar>] <command> [<args>]\n\nThese are common Git commands used in various situations:\n\nstart a working area (see also: git help tutorial)\n   clone     Clone a repository into a new directory\n   init      Create an empty Git repository or reinitialize an existing one\n\nwork on the current change (see also: git help everyday)\n   add       Add file contents to the index\n   mv        Move or rename a file, a directory, or a symlink\n   restore   Restore working tree files\n   rm        Remove files from the working tree and from the index\n\nexamine the history and state (see also: git help revisions)\n   bisect    Use binary search to find the commit that introduced a bug\n   diff      Show changes between commits, commit and working tree, etc\n   grep      Print lines matching a pattern\n   log       Show commit logs\n   show      Show various types of objects\n   status    Show the working tree status\n\ngrow, mark and tweak your common history\n   branch    List, create, or delete branches\n   commit    Record changes to the repository\n   merge     Join two or more development histories together\n   rebase    Reapply commits on top of another base tip\n   reset     Reset current HEAD to the specified state\n   switch    Switch branches\n   tag       Create, list, delete or verify a tag object signed with GPG\n\ncollaborate (see also: git help workflows)\n   fetch     Download objects and refs from another repository\n   pull      Fetch from and integrate with another repository or a local branch\n   push      Update remote refs along with associated objects\n\n'git help -a' and 'git help -g' list available subcommands and some\nconcept guides. See 'git help <command>' or 'git help <concept>'\nto read about a specific subcommand or concept.\nSee 'git help git' for an overview of the system.\n""
[0m17:18:42.134472 [debug] [MainThread]: STDERR: "b''"
[0m17:18:42.134472 [info ] [MainThread]:  - git [[32mOK found[0m]

[0m17:18:42.135500 [info ] [MainThread]: Connection:
[0m17:18:42.136472 [info ] [MainThread]:   host: localhost
[0m17:18:42.136472 [info ] [MainThread]:   port: 5433
[0m17:18:42.137980 [info ] [MainThread]:   user: dbt_user
[0m17:18:42.138978 [info ] [MainThread]:   database: dbt_database
[0m17:18:42.138978 [info ] [MainThread]:   schema: public
[0m17:18:42.139986 [info ] [MainThread]:   connect_timeout: 10
[0m17:18:42.140491 [info ] [MainThread]:   role: None
[0m17:18:42.140491 [info ] [MainThread]:   search_path: None
[0m17:18:42.141499 [info ] [MainThread]:   keepalives_idle: 0
[0m17:18:42.141499 [info ] [MainThread]:   sslmode: None
[0m17:18:42.142501 [info ] [MainThread]:   sslcert: None
[0m17:18:42.143499 [info ] [MainThread]:   sslkey: None
[0m17:18:42.143499 [info ] [MainThread]:   sslrootcert: None
[0m17:18:42.144500 [info ] [MainThread]:   application_name: dbt
[0m17:18:42.144500 [info ] [MainThread]:   autocommit: False
[0m17:18:42.145498 [info ] [MainThread]:   retries: 1
[0m17:18:42.146499 [info ] [MainThread]: Registered adapter: postgres=1.11.0
[0m17:18:42.427594 [debug] [MainThread]: Acquiring new postgres connection 'debug'
[0m17:18:43.200495 [debug] [MainThread]: Using postgres connection "debug"
[0m17:18:43.200495 [debug] [MainThread]: On debug: select 1 as id
[0m17:18:43.201501 [debug] [MainThread]: Opening a new connection, currently in state init
[0m17:18:43.317973 [debug] [MainThread]: Postgres adapter: Got a retryable error when attempting to open a postgres connection.
1 attempts remaining. Retrying in 0 seconds.
Error:
connection to server at "localhost" (::1), port 5433 failed: FATAL:  autenticação do tipo senha falhou para o usuário "dbt_user"

[0m17:18:43.363469 [debug] [MainThread]: Postgres adapter: Error running SQL: select 1 as id
[0m17:18:43.363973 [debug] [MainThread]: Postgres adapter: Rolling back transaction.
[0m17:18:43.363973 [debug] [MainThread]: On debug: No close available on handle
[0m17:18:43.363973 [info ] [MainThread]:   Connection test: [[31mERROR[0m]

[0m17:18:43.363973 [info ] [MainThread]: [31m1 check failed:[0m
[0m17:18:43.365478 [info ] [MainThread]: dbt was unable to connect to the specified database.
The database returned the following error:

  >Database Error
  connection to server at "localhost" (::1), port 5433 failed: FATAL:  autenticação do tipo senha falhou para o usuário "dbt_user"
  

Check your database credentials and try again. For more information, visit:
https://docs.getdbt.com/docs/configure-your-profile


[0m17:18:43.365478 [info ] [MainThread]: Your new dbt project "jornada_dw" was created!
Initialized new project in C:\Users\hally\workshop_airflow_dbt\2_data_warehouse\jornada_dw\jornada_dw

For more information on how to configure the profiles.yml file,
please consult the dbt documentation here:

  https://docs.getdbt.com/docs/configure-your-profile

One more thing:

Need help? Don't hesitate to reach out to us via GitHub issues or on Slack:

  https://community.getdbt.com/

Happy modeling!

[0m17:18:43.366485 [info ] [MainThread]: [31mYour profile may need adjustments. You can find the logs of `dbt debug` above[0m
[0m17:18:43.367486 [debug] [MainThread]: Command `dbt init` succeeded at 17:18:43.367486 after 287.58 seconds
[0m17:18:43.367486 [debug] [MainThread]: Connection 'debug' was properly closed.
[0m17:18:43.368485 [debug] [MainThread]: Sending event: {'category': 'dbt', 'action': 'invocation', 'label': 'end', 'context': [<snowplow_tracker.self_describing_json.SelfDescribingJson object at 0x000002262F0FAE70>, <snowplow_tracker.self_describing_json.SelfDescribingJson object at 0x000002262E78B2F0>, <snowplow_tracker.self_describing_json.SelfDescribingJson object at 0x0000022630620B60>]}
[0m17:18:43.369035 [debug] [MainThread]: Flushing usage events
[0m17:18:44.538339 [debug] [MainThread]: An error was encountered while trying to flush usage events
